---
source: tui/src/app/tests/safety_buffering.rs
expression: rendered_retry
---
› Handle the safety-buffered request
  Keep the accepted steer
⚠ Full-history hydration is deprecated for paginated threads; omit `includeTurns` or set it to `false`, then page with `thread/turns/list` and `thread/items/list`.⚠ Model metadata for `gpt-5.4` not found. Defaulting to fallback metadata; this
  can degrade performance and cause issues.• done
