---
source: tui/src/bottom_pane/feedback_view.rs
assertion_line: 728
expression: rendered
---
Upload logs?

The following files will be sent:
  • workx-logs.log
  • workx-doctor-report.json
  • workx-apps-tools-cache.json (if available)
  • workx-app-directory-cache.json (if available)
  • rollout.jsonl
  • auto-review-rollout.jsonl
